Traceback (most recent call last):
  File "<frozen runpy>", line 198, in _run_module_as_main
  File "<frozen runpy>", line 88, in _run_code
  File "/nix/store/1ki8jq5sax0hm1sqbw0jk6qnqpy417zx-python3-3.13.5/lib/python3.13/http/server.py", line 1323, in <module>
    test(
    ~~~~^
        HandlerClass=handler_class,
        ^^^^^^^^^^^^^^^^^^^^^^^^^^^
    ...<3 lines>...
        protocol=args.protocol,
        ^^^^^^^^^^^^^^^^^^^^^^^
    )
    ^
  File "/nix/store/1ki8jq5sax0hm1sqbw0jk6qnqpy417zx-python3-3.13.5/lib/python3.13/http/server.py", line 1270, in test
    with ServerClass(addr, HandlerClass) as httpd:
         ~~~~~~~~~~~^^^^^^^^^^^^^^^^^^^^
  File "/nix/store/1ki8jq5sax0hm1sqbw0jk6qnqpy417zx-python3-3.13.5/lib/python3.13/socketserver.py", line 457, in __init__
    self.server_bind()
    ~~~~~~~~~~~~~~~~^^
  File "/nix/store/1ki8jq5sax0hm1sqbw0jk6qnqpy417zx-python3-3.13.5/lib/python3.13/http/server.py", line 1317, in server_bind
    return super().server_bind()
           ~~~~~~~~~~~~~~~~~~~^^
  File "/nix/store/1ki8jq5sax0hm1sqbw0jk6qnqpy417zx-python3-3.13.5/lib/python3.13/http/server.py", line 136, in server_bind
    socketserver.TCPServer.server_bind(self)
    ~~~~~~~~~~~~~~~~~~~~~~~~~~~~~~~~~~^^^^^^
  File "/nix/store/1ki8jq5sax0hm1sqbw0jk6qnqpy417zx-python3-3.13.5/lib/python3.13/socketserver.py", line 478, in server_bind
    self.socket.bind(self.server_address)
    ~~~~~~~~~~~~~~~~^^^^^^^^^^^^^^^^^^^^^
OSError: [Errno 98] Address already in use
127.0.0.1 - - [07/Oct/2025 15:48:31] "GET / HTTP/1.1" 200 -
127.0.0.1 - - [07/Oct/2025 15:48:31] "GET /index.css HTTP/1.1" 200 -
127.0.0.1 - - [07/Oct/2025 15:48:31] "GET / HTTP/1.1" 304 -
